// Jest Snapshot v1, https://goo.gl/fbAQLP

exports[`App renders correctly 1`] = `
<div>
  <Header />
  <ItalyContainer
    data={Object {}}
    error={false}
  />
</div>
`;
