// Jest Snapshot v1, https://goo.gl/fbAQLP

exports[`Chart renders correctly 1`] = `
<div
  style={
    Object {
      "width": "100%",
    }
  }
>
  <Loading />
</div>
`;
