// Jest Snapshot v1, https://goo.gl/fbAQLP

exports[`Error should render properly 1`] = `
<div>
  Ops! An error occured.
</div>
`;
