// Jest Snapshot v1, https://goo.gl/fbAQLP

exports[`ItalyRegions renders properly 1`] = `<Error />`;
